// Jest Snapshot v1, https://goo.gl/fbAQLP

exports[`should render with required props 1`] = `
<div
  class="MuiModal-root-013 MuiDialog-root-01 MuiDialog-scrollPaper-02"
  role="dialog"
  data-testid="alert-dialog"
>
  <div
    class="MuiBackdrop-root-015"
    aria-hidden="true"
    style="opacity: 1; -webkit-transition: opacity 225ms cubic-bezier(0.4, 0, 0.2, 1) 0ms;"
  />
  <div
    class="MuiPaper-root-017 MuiPaper-elevation24-043 MuiPaper-rounded-018 MuiDialog-paper-04 MuiDialog-paperScrollPaper-05 MuiDialog-paperWidthSm-08"
    style="opacity: 1; -webkit-transition: opacity 225ms cubic-bezier(0.4, 0, 0.2, 1) 0ms;"
    role="document"
    tabindex="-1"
  >
    <div
      class="MuiDialogContent-root-044"
    >
      <p
        class="MuiTypography-root-046 MuiDialogContentText-root-045 MuiTypography-subheading-053 MuiTypography-colorTextSecondary-069"
      >
        Are you TESTING?
      </p>
    </div>
    <div
      class="MuiDialogActions-root-071"
    >
      <button
        tabindex="0"
        class="MuiButtonBase-root-099 MuiButton-root-073 MuiButton-text-075 MuiButton-textPrimary-076 MuiButton-flat-078 MuiButton-flatPrimary-079 MuiDialogActions-action-072"
        type="button"
      >
        <span
          class="MuiButton-label-074"
        >
          Cancel
        </span>
        <span
          class="MuiTouchRipple-root-0102"
        />
      </button>
      <button
        tabindex="0"
        class="MuiButtonBase-root-099 MuiButton-root-073 MuiButton-text-075 MuiButton-textPrimary-076 MuiButton-flat-078 MuiButton-flatPrimary-079 MuiDialogActions-action-072"
        type="button"
      >
        <span
          class="MuiButton-label-074"
        >
          Confirm
        </span>
        <span
          class="MuiTouchRipple-root-0102"
        />
      </button>
    </div>
  </div>
</div>
`;
